// Jest Snapshot v1, https://goo.gl/fbAQLP

exports[`renders correct content 1`] = `
<ChoiceWithFontPromo
  title="Make your choice"
  wrapLink={[Function]}
>
  <Choice
    title="Make your choice"
    wrapLink={[Function]}
  >
    <Styled(CardWrapper)
      border="primary"
    >
      <CardWrapper
        border="primary"
        className="sc-AxjAm jbFUXm"
      >
        <Card
          body={false}
          border="primary"
          className="sc-AxjAm jbFUXm"
        >
          <div
            className="sc-AxjAm jbFUXm card border-primary"
          >
            <PanelHeader
              bg="primary"
            >
              <CardHeader
                className="bg-primary text-white undefined"
              >
                <div
                  className="bg-primary text-white undefined card-header"
                >
                  Make your choice
                </div>
              </CardHeader>
            </PanelHeader>
            <a
              href="/one"
              key="one"
            >
              <styled.div>
                <div
                  className="sc-AxirZ jQtLth"
                >
                  Alpha
                </div>
              </styled.div>
            </a>
            <a
              href="/two"
              key="two"
            >
              <styled.div>
                <div
                  className="sc-AxirZ jQtLth"
                >
                  Betta
                </div>
              </styled.div>
            </a>
            <a
              href="/three"
              key="three"
            >
              <styled.div>
                <div
                  className="sc-AxirZ jQtLth"
                >
                  Gamma
                </div>
              </styled.div>
            </a>
          </div>
        </Card>
      </CardWrapper>
    </Styled(CardWrapper)>
  </Choice>
  <FontPromoter>
    <styled.div>
      <div
        className="sc-AxiKw ktMMoL"
      >
        Â 
      </div>
    </styled.div>
  </FontPromoter>
</ChoiceWithFontPromo>
`;
